[backblue.gif]
[fade.gif]
[index.html]
[koylakebab.thedesigncircle.in/img/image/1.jpg]
[koylakebab.thedesigncircle.in/img/image/2.jpg]
[koylakebab.thedesigncircle.in/img/image/3.jpg]
[koylakebab.thedesigncircle.in/img/image/4.jpg]
[koylakebab.thedesigncircle.in/img/image/5.jpg]
[koylakebab.thedesigncircle.in/js/jquery-1.12.4.min.js]
[koylakebab.thedesigncircle.in/js/jquery.flexslider-min.js]
[koylakebab.thedesigncircle.in/js/smooth-scroll.js]
[koylakebab.thedesigncircle.in/js/jquery.validate.min.js]
[koylakebab.thedesigncircle.in/js/placeholders.min.js]
[koylakebab.thedesigncircle.in/js/script.js]
[ajax.googleapis.com/ajax/libs/jquery/3.5.1/jquery.min.js]
[koylakebab.thedesigncircle.in/index.html]
[koylakebab.thedesigncircle.in/css/bootstrap.css]
[koylakebab.thedesigncircle.in/css/base.css]
[koylakebab.thedesigncircle.in/css/main.css]
[koylakebab.thedesigncircle.in/css/flexslider.css]
[koylakebab.thedesigncircle.in/font/Lato-Medium.eot]
[maxcdn.bootstrapcdn.com/bootstrap/3.4.1/js/bootstrap.min.js]
[koylakebab.thedesigncircle.in/font/Lato-Medium.woff]
[koylakebab.thedesigncircle.in/font/Lato-Medium.ttf]
[koylakebab.thedesigncircle.in/font/JosefinSans-VariableFont_wght.ttf]
[koylakebab.thedesigncircle.in/font/PlayfairDisplay-Italic-VariableFont_wght.ttf]
[koylakebab.thedesigncircle.in/font/fontellob69f.woff]
[koylakebab.thedesigncircle.in/font/fontellob69f.ttf]
[koylakebab.thedesigncircle.in/css/fonts.css]
[koylakebab.thedesigncircle.in/img/signature.html]
[koylakebab.thedesigncircle.in/font/Lato-Medium.eot]
[koylakebab.thedesigncircle.in/font/Lato-Medium.ttf]
[koylakebab.thedesigncircle.in/font/Lato-Medium.html]
[koylakebab.thedesigncircle.in/font/fontellob69f.eot]
[koylakebab.thedesigncircle.in/font/fontellob69f.woff2]
[koylakebab.thedesigncircle.in/font/fontellob69f.svg]
[koylakebab.thedesigncircle.in/font/Lato-Medium.eot]
[koylakebab.thedesigncircle.in/font/Lato-Medium.ttf]
[koylakebab.thedesigncircle.in/font/PlayfairDisplay-Italic-VariableFont_wght.ttf]
